make  all-recursive
make[1]: Entering directory '/root/nexa-core'
Making all in src
make[2]: Entering directory '/root/nexa-core/src'
make[2]: Nothing to be done for 'all'.
make[2]: Leaving directory '/root/nexa-core/src'
make[2]: Entering directory '/root/nexa-core'
depbase=`echo src/main.o | sed 's|[^/]*$|.deps/&|;s|\.o$||'`;\
g++ -DHAVE_CONFIG_H -I.     -g -O2 -MT src/main.o -MD -MP -MF $depbase.Tpo -c -o src/main.o src/main.cpp &&\
mv -f $depbase.Tpo $depbase.Po
depbase=`echo src/network/network.o | sed 's|[^/]*$|.deps/&|;s|\.o$||'`;\
g++ -DHAVE_CONFIG_H -I.     -g -O2 -MT src/network/network.o -MD -MP -MF $depbase.Tpo -c -o src/network/network.o src/network/network.cpp &&\
mv -f $depbase.Tpo $depbase.Po
depbase=`echo src/consensus/consensus.o | sed 's|[^/]*$|.deps/&|;s|\.o$||'`;\
g++ -DHAVE_CONFIG_H -I.     -g -O2 -MT src/consensus/consensus.o -MD -MP -MF $depbase.Tpo -c -o src/consensus/consensus.o src/consensus/consensus.cpp &&\
mv -f $depbase.Tpo $depbase.Po
g++  -g -O2   -o nexad src/main.o src/network/network.o src/consensus/consensus.o  
/usr/bin/ld: src/main.o: in function `main':
/root/nexa-core/src/main.cpp:6: undefined reference to `Governance::createProposal(std::__cxx11::basic_string<char, std::char_traits<char>, std::allocator<char> > const&)'
/usr/bin/ld: /root/nexa-core/src/main.cpp:7: undefined reference to `Governance::voteOnProposal(std::__cxx11::basic_string<char, std::char_traits<char>, std::allocator<char> > const&, int)'
/usr/bin/ld: /root/nexa-core/src/main.cpp:10: undefined reference to `Governance::getProposalVotes(std::__cxx11::basic_string<char, std::char_traits<char>, std::allocator<char> > const&)'
collect2: error: ld returned 1 exit status
make[2]: *** [Makefile:446: nexad] Error 1
make[2]: Leaving directory '/root/nexa-core'
make[1]: *** [Makefile:490: all-recursive] Error 1
make[1]: Leaving directory '/root/nexa-core'
make: *** [Makefile:326: all] Error 2
